[debug] [2025-12-26T13:17:09.983Z] ----------------------------------------------------------------------
[debug] [2025-12-26T13:17:09.986Z] Command:       C:\Program Files\nodejs\node.exe C:\Users\STRUMFI TECH\AppData\Roaming\npm\node_modules\firebase-tools\lib\bin\firebase.js deploy --only functions
[debug] [2025-12-26T13:17:09.986Z] CLI Version:   15.1.0
[debug] [2025-12-26T13:17:09.987Z] Platform:      win32
[debug] [2025-12-26T13:17:09.987Z] Node Version:  v24.12.0
[debug] [2025-12-26T13:17:09.987Z] Time:          Fri Dec 26 2025 15:17:09 GMT+0200 (Ora standard a Europei de Est)
[debug] [2025-12-26T13:17:09.987Z] ----------------------------------------------------------------------
[debug] 
[debug] [2025-12-26T13:17:11.936Z] > command requires scopes: ["email","openid","https://www.googleapis.com/auth/cloudplatformprojects.readonly","https://www.googleapis.com/auth/firebase","https://www.googleapis.com/auth/cloud-platform"]
[debug] [2025-12-26T13:17:11.937Z] > authorizing via signed-in user (strumfitech@gmail.com)
[debug] [2025-12-26T13:17:11.937Z] [iam] checking project factura-b478b for permissions ["cloudfunctions.functions.create","cloudfunctions.functions.delete","cloudfunctions.functions.get","cloudfunctions.functions.list","cloudfunctions.functions.update","cloudfunctions.operations.get","firebase.projects.get"]
[debug] [2025-12-26T13:17:11.938Z] Checked if tokens are valid: false, expires at: 1766754773537
[debug] [2025-12-26T13:17:11.938Z] Checked if tokens are valid: false, expires at: 1766754773537
[debug] [2025-12-26T13:17:11.938Z] > refreshing access token with scopes: []
[debug] [2025-12-26T13:17:11.940Z] >>> [apiv2][query] POST https://www.googleapis.com/oauth2/v3/token [none]
[debug] [2025-12-26T13:17:11.940Z] >>> [apiv2][body] POST https://www.googleapis.com/oauth2/v3/token [omitted]
[debug] [2025-12-26T13:17:12.131Z] <<< [apiv2][status] POST https://www.googleapis.com/oauth2/v3/token 200
[debug] [2025-12-26T13:17:12.131Z] <<< [apiv2][body] POST https://www.googleapis.com/oauth2/v3/token [omitted]
[debug] [2025-12-26T13:17:12.141Z] >>> [apiv2][query] POST https://cloudresourcemanager.googleapis.com/v1/projects/factura-b478b:testIamPermissions [none]
[debug] [2025-12-26T13:17:12.141Z] >>> [apiv2][(partial)header] POST https://cloudresourcemanager.googleapis.com/v1/projects/factura-b478b:testIamPermissions x-goog-quota-user=projects/factura-b478b
[debug] [2025-12-26T13:17:12.141Z] >>> [apiv2][body] POST https://cloudresourcemanager.googleapis.com/v1/projects/factura-b478b:testIamPermissions {"permissions":["cloudfunctions.functions.create","cloudfunctions.functions.delete","cloudfunctions.functions.get","cloudfunctions.functions.list","cloudfunctions.functions.update","cloudfunctions.operations.get","firebase.projects.get"]}
[debug] [2025-12-26T13:17:13.004Z] <<< [apiv2][status] POST https://cloudresourcemanager.googleapis.com/v1/projects/factura-b478b:testIamPermissions 200
[debug] [2025-12-26T13:17:13.004Z] <<< [apiv2][body] POST https://cloudresourcemanager.googleapis.com/v1/projects/factura-b478b:testIamPermissions {"permissions":["cloudfunctions.functions.create","cloudfunctions.functions.delete","cloudfunctions.functions.get","cloudfunctions.functions.list","cloudfunctions.functions.update","cloudfunctions.operations.get","firebase.projects.get"]}
[debug] [2025-12-26T13:17:13.004Z] Checked if tokens are valid: true, expires at: 1766758631131
[debug] [2025-12-26T13:17:13.004Z] Checked if tokens are valid: true, expires at: 1766758631131
[debug] [2025-12-26T13:17:13.005Z] >>> [apiv2][query] POST https://iam.googleapis.com/v1/projects/factura-b478b/serviceAccounts/factura-b478b@appspot.gserviceaccount.com:testIamPermissions [none]
[debug] [2025-12-26T13:17:13.005Z] >>> [apiv2][body] POST https://iam.googleapis.com/v1/projects/factura-b478b/serviceAccounts/factura-b478b@appspot.gserviceaccount.com:testIamPermissions {"permissions":["iam.serviceAccounts.actAs"]}
[debug] [2025-12-26T13:17:13.870Z] <<< [apiv2][status] POST https://iam.googleapis.com/v1/projects/factura-b478b/serviceAccounts/factura-b478b@appspot.gserviceaccount.com:testIamPermissions 200
[debug] [2025-12-26T13:17:13.871Z] <<< [apiv2][body] POST https://iam.googleapis.com/v1/projects/factura-b478b/serviceAccounts/factura-b478b@appspot.gserviceaccount.com:testIamPermissions {"permissions":["iam.serviceAccounts.actAs"]}
[info] 
[info] === Deploying to 'factura-b478b'...
[info] 
[info] i  deploying functions 
[debug] [2025-12-26T13:17:13.875Z] Checked if tokens are valid: true, expires at: 1766758631131
[debug] [2025-12-26T13:17:13.875Z] Checked if tokens are valid: true, expires at: 1766758631131
[debug] [2025-12-26T13:17:13.875Z] >>> [apiv2][query] GET https://cloudresourcemanager.googleapis.com/v1/projects/factura-b478b [none]
[debug] [2025-12-26T13:17:14.099Z] <<< [apiv2][status] GET https://cloudresourcemanager.googleapis.com/v1/projects/factura-b478b 200
[debug] [2025-12-26T13:17:14.099Z] <<< [apiv2][body] GET https://cloudresourcemanager.googleapis.com/v1/projects/factura-b478b {"projectNumber":"48919465520","projectId":"factura-b478b","lifecycleState":"ACTIVE","name":"Factura","labels":{"firebase":"enabled","firebase-core":"disabled"},"createTime":"2025-12-23T14:33:18.537561Z"}
[info] i  functions: preparing codebase default for deployment 
[info] i  functions: ensuring required API cloudfunctions.googleapis.com is enabled... 
[info] i  functions: ensuring required API cloudbuild.googleapis.com is enabled... 
[info] i  artifactregistry: ensuring required API artifactregistry.googleapis.com is enabled... 
[debug] [2025-12-26T13:17:14.103Z] Checked if tokens are valid: true, expires at: 1766758631131
[debug] [2025-12-26T13:17:14.103Z] Checked if tokens are valid: true, expires at: 1766758631131
[debug] [2025-12-26T13:17:14.104Z] >>> [apiv2][query] GET https://firebase.googleapis.com/v1beta1/projects/factura-b478b/adminSdkConfig [none]
[debug] [2025-12-26T13:17:14.523Z] <<< [apiv2][status] GET https://firebase.googleapis.com/v1beta1/projects/factura-b478b/adminSdkConfig 200
[debug] [2025-12-26T13:17:14.524Z] <<< [apiv2][body] GET https://firebase.googleapis.com/v1beta1/projects/factura-b478b/adminSdkConfig {"projectId":"factura-b478b","storageBucket":"factura-b478b.firebasestorage.app"}
[debug] [2025-12-26T13:17:14.526Z] Validating nodejs source
[debug] [2025-12-26T13:17:15.600Z] > [functions] package.json contents: {
  "name": "functions",
  "main": "index.js",
  "engines": {
    "node": "20"
  },
  "dependencies": {
    "axios": "^1.6.0",
    "cors": "^2.8.5",
    "firebase-admin": "^11.11.0",
    "firebase-functions": "^7.0.0"
  },
  "private": true
}
[debug] [2025-12-26T13:17:15.600Z] Building nodejs source
[info] i  functions: Loading and analyzing source code for codebase default to determine what to deploy 
[debug] [2025-12-26T13:17:15.601Z] Could not find functions.yaml. Must use http discovery
[debug] [2025-12-26T13:17:15.610Z] Found firebase-functions binary at 'C:\Users\STRUMFI TECH\Desktop\Invoice\functions\node_modules\.bin\firebase-functions'
[info] Serving at port 8395

[debug] [2025-12-26T13:17:16.291Z] Got response from /__/functions.yaml {"endpoints":{"getFirmaByCUI":{"availableMemoryMb":null,"timeoutSeconds":null,"minInstances":null,"maxInstances":null,"ingressSettings":null,"concurrency":null,"serviceAccountEmail":null,"vpc":null,"platform":"gcfv2","labels":{},"httpsTrigger":{},"entryPoint":"getFirmaByCUI"}},"specVersion":"v1alpha1","requiredAPIs":[],"extensions":{}}
[info] i  extensions: ensuring required API firebaseextensions.googleapis.com is enabled... 
[debug] [2025-12-26T13:17:20.333Z] > command requires scopes: ["email","openid","https://www.googleapis.com/auth/cloudplatformprojects.readonly","https://www.googleapis.com/auth/firebase","https://www.googleapis.com/auth/cloud-platform"]
[debug] [2025-12-26T13:17:20.333Z] > authorizing via signed-in user (strumfitech@gmail.com)
[debug] [2025-12-26T13:17:20.333Z] [iam] checking project factura-b478b for permissions ["firebase.projects.get","firebaseextensions.instances.list"]
[debug] [2025-12-26T13:17:20.333Z] Checked if tokens are valid: true, expires at: 1766758631131
[debug] [2025-12-26T13:17:20.333Z] Checked if tokens are valid: true, expires at: 1766758631131
[debug] [2025-12-26T13:17:20.333Z] >>> [apiv2][query] POST https://cloudresourcemanager.googleapis.com/v1/projects/factura-b478b:testIamPermissions [none]
[debug] [2025-12-26T13:17:20.333Z] >>> [apiv2][(partial)header] POST https://cloudresourcemanager.googleapis.com/v1/projects/factura-b478b:testIamPermissions x-goog-quota-user=projects/factura-b478b
[debug] [2025-12-26T13:17:20.333Z] >>> [apiv2][body] POST https://cloudresourcemanager.googleapis.com/v1/projects/factura-b478b:testIamPermissions {"permissions":["firebase.projects.get","firebaseextensions.instances.list"]}
[debug] [2025-12-26T13:17:21.157Z] <<< [apiv2][status] POST https://cloudresourcemanager.googleapis.com/v1/projects/factura-b478b:testIamPermissions 200
[debug] [2025-12-26T13:17:21.157Z] <<< [apiv2][body] POST https://cloudresourcemanager.googleapis.com/v1/projects/factura-b478b:testIamPermissions {"permissions":["firebase.projects.get","firebaseextensions.instances.list"]}
[debug] [2025-12-26T13:17:21.157Z] Checked if tokens are valid: true, expires at: 1766758631131
[debug] [2025-12-26T13:17:21.157Z] Checked if tokens are valid: true, expires at: 1766758631131
[debug] [2025-12-26T13:17:21.158Z] >>> [apiv2][query] GET https://firebaseextensions.googleapis.com/v1beta/projects/factura-b478b/instances pageSize=100&pageToken=
[debug] [2025-12-26T13:17:22.168Z] <<< [apiv2][status] GET https://firebaseextensions.googleapis.com/v1beta/projects/factura-b478b/instances 200
[debug] [2025-12-26T13:17:22.168Z] <<< [apiv2][body] GET https://firebaseextensions.googleapis.com/v1beta/projects/factura-b478b/instances {}
[info] i  functions: preparing functions directory for uploading... 
[info] i  functions: packaged C:\Users\STRUMFI TECH\Desktop\Invoice\functions (39.17 KB) for uploading 
[debug] [2025-12-26T13:17:22.215Z] Checked if tokens are valid: true, expires at: 1766758631131
[debug] [2025-12-26T13:17:22.216Z] Checked if tokens are valid: true, expires at: 1766758631131
[debug] [2025-12-26T13:17:22.216Z] >>> [apiv2][query] GET https://cloudfunctions.googleapis.com/v1/projects/factura-b478b/locations/-/functions [none]
[debug] [2025-12-26T13:17:22.970Z] <<< [apiv2][status] GET https://cloudfunctions.googleapis.com/v1/projects/factura-b478b/locations/-/functions 200
[debug] [2025-12-26T13:17:22.970Z] <<< [apiv2][body] GET https://cloudfunctions.googleapis.com/v1/projects/factura-b478b/locations/-/functions {}
[debug] [2025-12-26T13:17:22.970Z] Checked if tokens are valid: true, expires at: 1766758631131
[debug] [2025-12-26T13:17:22.971Z] Checked if tokens are valid: true, expires at: 1766758631131
[debug] [2025-12-26T13:17:22.971Z] >>> [apiv2][query] GET https://cloudfunctions.googleapis.com/v2/projects/factura-b478b/locations/-/functions filter=environment%3D%22GEN_2%22
[debug] [2025-12-26T13:17:23.996Z] <<< [apiv2][status] GET https://cloudfunctions.googleapis.com/v2/projects/factura-b478b/locations/-/functions 200
[debug] [2025-12-26T13:17:23.996Z] <<< [apiv2][body] GET https://cloudfunctions.googleapis.com/v2/projects/factura-b478b/locations/-/functions {"functions":[{"name":"projects/factura-b478b/locations/us-central1/functions/getFirmaByCUI","buildConfig":{"build":"projects/48919465520/locations/us-central1/builds/29bdd615-d32e-408d-9292-7e7e5d8067b1","runtime":"nodejs20","entryPoint":"getFirmaByCUI","source":{"storageSource":{"bucket":"gcf-v2-sources-48919465520-us-central1","object":"getFirmaByCUI/function-source.zip","generation":"1766753490511921"}},"environmentVariables":{"GOOGLE_NODE_RUN_SCRIPTS":""},"dockerRepository":"projects/factura-b478b/locations/us-central1/repositories/gcf-artifacts","sourceProvenance":{"resolvedStorageSource":{"bucket":"gcf-v2-sources-48919465520-us-central1","object":"getFirmaByCUI/function-source.zip","generation":"1766753490511921"}},"dockerRegistry":"ARTIFACT_REGISTRY","serviceAccount":"projects/factura-b478b/serviceAccounts/48919465520-compute@developer.gserviceaccount.com","automaticUpdatePolicy":{}},"serviceConfig":{"service":"projects/factura-b478b/locations/us-central1/services/getfirmabycui","timeoutSeconds":60,"environmentVariables":{"FIREBASE_CONFIG":"{\"projectId\":\"factura-b478b\",\"storageBucket\":\"factura-b478b.firebasestorage.app\"}","GCLOUD_PROJECT":"factura-b478b","EVENTARC_CLOUD_EVENT_SOURCE":"projects/factura-b478b/locations/us-central1/services/getFirmaByCUI","FUNCTION_TARGET":"getFirmaByCUI","LOG_EXECUTION_ID":"true"},"maxInstanceCount":12,"ingressSettings":"ALLOW_ALL","uri":"https://getfirmabycui-ijtjzr7xcq-uc.a.run.app","serviceAccountEmail":"48919465520-compute@developer.gserviceaccount.com","availableMemory":"256Mi","allTrafficOnLatestRevision":true,"revision":"getfirmabycui-00002-lah","maxInstanceRequestConcurrency":80,"availableCpu":"1"},"state":"ACTIVE","updateTime":"2025-12-26T12:53:29.887966926Z","labels":{"deployment-tool":"cli-firebase","firebase-functions-hash":"08079dcf30a084e74b575b4df2788bbea0c5e315"},"environment":"GEN_2","url":"https://us-central1-factura-b478b.cloudfunctions.net/getFirmaByCUI","createTime":"2025-12-26T12:27:12.730331422Z","satisfiesPzi":true}]}
[info] i  functions: ensuring required API run.googleapis.com is enabled... 
[info] i  functions: ensuring required API eventarc.googleapis.com is enabled... 
[info] i  functions: ensuring required API pubsub.googleapis.com is enabled... 
[info] i  functions: ensuring required API storage.googleapis.com is enabled... 
[info] i  functions: generating the service identity for pubsub.googleapis.com... 
[debug] [2025-12-26T13:17:24.003Z] Checked if tokens are valid: true, expires at: 1766758631131
[debug] [2025-12-26T13:17:24.003Z] Checked if tokens are valid: true, expires at: 1766758631131
[info] i  functions: generating the service identity for eventarc.googleapis.com... 
[debug] [2025-12-26T13:17:24.003Z] Checked if tokens are valid: true, expires at: 1766758631131
[debug] [2025-12-26T13:17:24.003Z] Checked if tokens are valid: true, expires at: 1766758631131
[debug] [2025-12-26T13:17:24.004Z] >>> [apiv2][query] POST https://serviceusage.googleapis.com/v1beta1/projects/48919465520/services/pubsub.googleapis.com:generateServiceIdentity [none]
[debug] [2025-12-26T13:17:24.004Z] >>> [apiv2][(partial)header] POST https://serviceusage.googleapis.com/v1beta1/projects/48919465520/services/pubsub.googleapis.com:generateServiceIdentity x-goog-quota-user=projects/48919465520
[debug] [2025-12-26T13:17:24.004Z] >>> [apiv2][body] POST https://serviceusage.googleapis.com/v1beta1/projects/48919465520/services/pubsub.googleapis.com:generateServiceIdentity {}
[debug] [2025-12-26T13:17:24.005Z] >>> [apiv2][query] POST https://serviceusage.googleapis.com/v1beta1/projects/48919465520/services/eventarc.googleapis.com:generateServiceIdentity [none]
[debug] [2025-12-26T13:17:24.005Z] >>> [apiv2][(partial)header] POST https://serviceusage.googleapis.com/v1beta1/projects/48919465520/services/eventarc.googleapis.com:generateServiceIdentity x-goog-quota-user=projects/48919465520
[debug] [2025-12-26T13:17:24.005Z] >>> [apiv2][body] POST https://serviceusage.googleapis.com/v1beta1/projects/48919465520/services/eventarc.googleapis.com:generateServiceIdentity {}
[debug] [2025-12-26T13:17:25.047Z] <<< [apiv2][status] POST https://serviceusage.googleapis.com/v1beta1/projects/48919465520/services/eventarc.googleapis.com:generateServiceIdentity 200
[debug] [2025-12-26T13:17:25.047Z] <<< [apiv2][body] POST https://serviceusage.googleapis.com/v1beta1/projects/48919465520/services/eventarc.googleapis.com:generateServiceIdentity {"name":"operations/finished.DONE_OPERATION","done":true,"response":{"@type":"type.googleapis.com/google.api.serviceusage.v1beta1.ServiceIdentity","email":"service-48919465520@gcp-sa-eventarc.iam.gserviceaccount.com","uniqueId":"107665887713801780139"}}
[debug] [2025-12-26T13:17:25.047Z] <<< [apiv2][status] POST https://serviceusage.googleapis.com/v1beta1/projects/48919465520/services/pubsub.googleapis.com:generateServiceIdentity 200
[debug] [2025-12-26T13:17:25.048Z] <<< [apiv2][body] POST https://serviceusage.googleapis.com/v1beta1/projects/48919465520/services/pubsub.googleapis.com:generateServiceIdentity {"name":"operations/finished.DONE_OPERATION","done":true,"response":{"@type":"type.googleapis.com/google.api.serviceusage.v1beta1.ServiceIdentity","email":"service-48919465520@gcp-sa-pubsub.iam.gserviceaccount.com","uniqueId":"115065344386348607842"}}
[debug] [2025-12-26T13:17:25.050Z] Checked if tokens are valid: true, expires at: 1766758631131
[debug] [2025-12-26T13:17:25.050Z] Checked if tokens are valid: true, expires at: 1766758631131
[debug] [2025-12-26T13:17:25.050Z] >>> [apiv2][query] GET https://cloudresourcemanager.googleapis.com/v1/projects/factura-b478b [none]
[debug] [2025-12-26T13:17:25.266Z] <<< [apiv2][status] GET https://cloudresourcemanager.googleapis.com/v1/projects/factura-b478b 200
[debug] [2025-12-26T13:17:25.266Z] <<< [apiv2][body] GET https://cloudresourcemanager.googleapis.com/v1/projects/factura-b478b {"projectNumber":"48919465520","projectId":"factura-b478b","lifecycleState":"ACTIVE","name":"Factura","labels":{"firebase":"enabled","firebase-core":"disabled"},"createTime":"2025-12-23T14:33:18.537561Z"}
[debug] [2025-12-26T13:17:25.266Z] Checked if tokens are valid: true, expires at: 1766758631131
[debug] [2025-12-26T13:17:25.266Z] Checked if tokens are valid: true, expires at: 1766758631131
[debug] [2025-12-26T13:17:25.266Z] >>> [apiv2][query] GET https://compute.googleapis.com/compute/v1/projects/48919465520 [none]
[debug] [2025-12-26T13:17:25.619Z] <<< [apiv2][status] GET https://compute.googleapis.com/compute/v1/projects/48919465520 403
[debug] [2025-12-26T13:17:25.619Z] <<< [apiv2][body] GET https://compute.googleapis.com/compute/v1/projects/48919465520 {"error":{"code":403,"message":"Compute Engine API has not been used in project 48919465520 before or it is disabled. Enable it by visiting https://console.developers.google.com/apis/api/compute.googleapis.com/overview?project=48919465520 then retry. If you enabled this API recently, wait a few minutes for the action to propagate to our systems and retry.","errors":[{"message":"Compute Engine API has not been used in project 48919465520 before or it is disabled. Enable it by visiting https://console.developers.google.com/apis/api/compute.googleapis.com/overview?project=48919465520 then retry. If you enabled this API recently, wait a few minutes for the action to propagate to our systems and retry.","domain":"usageLimits","reason":"accessNotConfigured","extendedHelp":"https://console.developers.google.com"}],"status":"PERMISSION_DENIED","details":[{"@type":"type.googleapis.com/google.rpc.ErrorInfo","reason":"SERVICE_DISABLED","domain":"googleapis.com","metadata":{"consumer":"projects/48919465520","service":"compute.googleapis.com","activationUrl":"https://console.developers.google.com/apis/api/compute.googleapis.com/overview?project=48919465520","serviceTitle":"Compute Engine API","containerInfo":"48919465520"}},{"@type":"type.googleapis.com/google.rpc.LocalizedMessage","locale":"en-US","message":"Compute Engine API has not been used in project 48919465520 before or it is disabled. Enable it by visiting https://console.developers.google.com/apis/api/compute.googleapis.com/overview?project=48919465520 then retry. If you enabled this API recently, wait a few minutes for the action to propagate to our systems and retry."},{"@type":"type.googleapis.com/google.rpc.Help","links":[{"description":"Google developers console API activation","url":"https://console.developers.google.com/apis/api/compute.googleapis.com/overview?project=48919465520"}]}]}}
[debug] [2025-12-26T13:17:25.620Z] unable to look up default compute service account. Falling back to 48919465520-compute@developer.gserviceaccount.com. Error: {"name":"FirebaseError","children":[],"context":{"body":{"error":{"code":403,"message":"Compute Engine API has not been used in project 48919465520 before or it is disabled. Enable it by visiting https://console.developers.google.com/apis/api/compute.googleapis.com/overview?project=48919465520 then retry. If you enabled this API recently, wait a few minutes for the action to propagate to our systems and retry.","errors":[{"message":"Compute Engine API has not been used in project 48919465520 before or it is disabled. Enable it by visiting https://console.developers.google.com/apis/api/compute.googleapis.com/overview?project=48919465520 then retry. If you enabled this API recently, wait a few minutes for the action to propagate to our systems and retry.","domain":"usageLimits","reason":"accessNotConfigured","extendedHelp":"https://console.developers.google.com"}],"status":"PERMISSION_DENIED","details":[{"@type":"type.googleapis.com/google.rpc.ErrorInfo","reason":"SERVICE_DISABLED","domain":"googleapis.com","metadata":{"consumer":"projects/48919465520","service":"compute.googleapis.com","activationUrl":"https://console.developers.google.com/apis/api/compute.googleapis.com/overview?project=48919465520","serviceTitle":"Compute Engine API","containerInfo":"48919465520"}},{"@type":"type.googleapis.com/google.rpc.LocalizedMessage","locale":"en-US","message":"Compute Engine API has not been used in project 48919465520 before or it is disabled. Enable it by visiting https://console.developers.google.com/apis/api/compute.googleapis.com/overview?project=48919465520 then retry. If you enabled this API recently, wait a few minutes for the action to propagate to our systems and retry."},{"@type":"type.googleapis.com/google.rpc.Help","links":[{"description":"Google developers console API activation","url":"https://console.developers.google.com/apis/api/compute.googleapis.com/overview?project=48919465520"}]}]}},"response":{"statusCode":403}},"exit":1,"message":"Request to https://compute.googleapis.com/compute/v1/projects/48919465520 had HTTP Error: 403, Compute Engine API has not been used in project 48919465520 before or it is disabled. Enable it by visiting https://console.developers.google.com/apis/api/compute.googleapis.com/overview?project=48919465520 then retry. If you enabled this API recently, wait a few minutes for the action to propagate to our systems and retry.","status":403}
[debug] [2025-12-26T13:17:25.621Z] Checked if tokens are valid: true, expires at: 1766758631131
[debug] [2025-12-26T13:17:25.621Z] Checked if tokens are valid: true, expires at: 1766758631131
[debug] [2025-12-26T13:17:25.621Z] >>> [apiv2][query] GET https://cloudbilling.googleapis.com/v1/projects/factura-b478b/billingInfo [none]
[debug] [2025-12-26T13:17:26.036Z] <<< [apiv2][status] GET https://cloudbilling.googleapis.com/v1/projects/factura-b478b/billingInfo 200
[debug] [2025-12-26T13:17:26.037Z] <<< [apiv2][body] GET https://cloudbilling.googleapis.com/v1/projects/factura-b478b/billingInfo {"name":"projects/factura-b478b/billingInfo","projectId":"factura-b478b","billingAccountName":"billingAccounts/010A4E-2B6019-9DBAD7","billingEnabled":true}
[debug] [2025-12-26T13:17:26.038Z] Checked if tokens are valid: true, expires at: 1766758631131
[debug] [2025-12-26T13:17:26.039Z] Checked if tokens are valid: true, expires at: 1766758631131
[debug] [2025-12-26T13:17:26.039Z] >>> [apiv2][query] POST https://cloudfunctions.googleapis.com/v2/projects/factura-b478b/locations/us-central1/functions:generateUploadUrl [none]
[debug] [2025-12-26T13:17:26.845Z] <<< [apiv2][status] POST https://cloudfunctions.googleapis.com/v2/projects/factura-b478b/locations/us-central1/functions:generateUploadUrl 200
[debug] [2025-12-26T13:17:26.846Z] <<< [apiv2][body] POST https://cloudfunctions.googleapis.com/v2/projects/factura-b478b/locations/us-central1/functions:generateUploadUrl {"uploadUrl":"https://storage.googleapis.com/gcf-v2-uploads-48919465520.us-central1.cloudfunctions.appspot.com/e819a5ba-3035-406e-bf53-c8abcb273801.zip?GoogleAccessId=service-48919465520@gcf-admin-robot.iam.gserviceaccount.com&Expires=1766756846&Signature=GzD0jG3j%2Fr1G5U4AYEN%2FuNnDmLErgP11Bk%2FtxTQR%2FeulfgAYtI0qFJWLZUlF1M07m822BqOmMMDHviPn%2FI%2FimxpxPQ0BOCMJreBdYqwbZLxBOjA41azJ1GfJgLs2Cq37o9cyG6xWqksFAaa4DsOfl32lz5gPbZlg3y6jHFKcurBJWIQqwkHmrWgcmQlO%2F18DJ5jsuaJMqL1Ze7D1mFy8GIa7YKtIPquGBD2RnjJTtEmNyVkQQS0nFmJZMjrQnwKHK%2FDKYIUZ09O23s%2BeG1aeqvI8pYpS2At6ce08gnRtcPE7%2BscBp74RkiOgWvX9pLbP9oHq%2F3L2MlDqK%2BzcImldbg%3D%3D","storageSource":{"bucket":"gcf-v2-uploads-48919465520.us-central1.cloudfunctions.appspot.com","object":"e819a5ba-3035-406e-bf53-c8abcb273801.zip"}}
[debug] [2025-12-26T13:17:26.846Z] >>> [apiv2][query] PUT https://storage.googleapis.com/gcf-v2-uploads-48919465520.us-central1.cloudfunctions.appspot.com/e819a5ba-3035-406e-bf53-c8abcb273801.zip GoogleAccessId=service-48919465520%40gcf-admin-robot.iam.gserviceaccount.com&Expires=1766756846&Signature=GzD0jG3j%2Fr1G5U4AYEN%2FuNnDmLErgP11Bk%2FtxTQR%2FeulfgAYtI0qFJWLZUlF1M07m822BqOmMMDHviPn%2FI%2FimxpxPQ0BOCMJreBdYqwbZLxBOjA41azJ1GfJgLs2Cq37o9cyG6xWqksFAaa4DsOfl32lz5gPbZlg3y6jHFKcurBJWIQqwkHmrWgcmQlO%2F18DJ5jsuaJMqL1Ze7D1mFy8GIa7YKtIPquGBD2RnjJTtEmNyVkQQS0nFmJZMjrQnwKHK%2FDKYIUZ09O23s%2BeG1aeqvI8pYpS2At6ce08gnRtcPE7%2BscBp74RkiOgWvX9pLbP9oHq%2F3L2MlDqK%2BzcImldbg%3D%3D
[debug] [2025-12-26T13:17:26.846Z] >>> [apiv2][body] PUT https://storage.googleapis.com/gcf-v2-uploads-48919465520.us-central1.cloudfunctions.appspot.com/e819a5ba-3035-406e-bf53-c8abcb273801.zip [stream]
[debug] [2025-12-26T13:17:27.447Z] <<< [apiv2][status] PUT https://storage.googleapis.com/gcf-v2-uploads-48919465520.us-central1.cloudfunctions.appspot.com/e819a5ba-3035-406e-bf53-c8abcb273801.zip 200
[debug] [2025-12-26T13:17:27.447Z] <<< [apiv2][body] PUT https://storage.googleapis.com/gcf-v2-uploads-48919465520.us-central1.cloudfunctions.appspot.com/e819a5ba-3035-406e-bf53-c8abcb273801.zip [omitted]
[info] +  functions: functions source uploaded successfully 
[info] i  functions: updating Node.js 20 (2nd Gen) function getFirmaByCUI(us-central1)... 
[debug] [2025-12-26T13:17:27.452Z] Checked if tokens are valid: true, expires at: 1766758631131
[debug] [2025-12-26T13:17:27.452Z] Checked if tokens are valid: true, expires at: 1766758631131
[debug] [2025-12-26T13:17:27.452Z] >>> [apiv2][query] PATCH https://cloudfunctions.googleapis.com/v2/projects/factura-b478b/locations/us-central1/functions/getFirmaByCUI updateMask=name%2CbuildConfig.runtime%2CbuildConfig.entryPoint%2CbuildConfig.source.storageSource.bucket%2CbuildConfig.source.storageSource.object%2CbuildConfig.environmentVariables%2CserviceConfig.environmentVariables%2CserviceConfig.ingressSettings%2CserviceConfig.timeoutSeconds%2CserviceConfig.serviceAccountEmail%2CserviceConfig.availableMemory%2CserviceConfig.minInstanceCount%2CserviceConfig.maxInstanceCount%2CserviceConfig.maxInstanceRequestConcurrency%2CserviceConfig.availableCpu%2CserviceConfig.vpcConnector%2CserviceConfig.vpcConnectorEgressSettings%2Clabels
[debug] [2025-12-26T13:17:27.452Z] >>> [apiv2][body] PATCH https://cloudfunctions.googleapis.com/v2/projects/factura-b478b/locations/us-central1/functions/getFirmaByCUI {"name":"projects/factura-b478b/locations/us-central1/functions/getFirmaByCUI","buildConfig":{"runtime":"nodejs20","entryPoint":"getFirmaByCUI","source":{"storageSource":{"bucket":"gcf-v2-uploads-48919465520.us-central1.cloudfunctions.appspot.com","object":"e819a5ba-3035-406e-bf53-c8abcb273801.zip"}},"environmentVariables":{"GOOGLE_NODE_RUN_SCRIPTS":""}},"serviceConfig":{"environmentVariables":{"FIREBASE_CONFIG":"{\"projectId\":\"factura-b478b\",\"storageBucket\":\"factura-b478b.firebasestorage.app\"}","GCLOUD_PROJECT":"factura-b478b","EVENTARC_CLOUD_EVENT_SOURCE":"projects/factura-b478b/locations/us-central1/services/getFirmaByCUI","FUNCTION_TARGET":"getFirmaByCUI","LOG_EXECUTION_ID":"true"},"ingressSettings":null,"timeoutSeconds":null,"serviceAccountEmail":null,"availableMemory":"256Mi","minInstanceCount":null,"maxInstanceCount":null,"maxInstanceRequestConcurrency":80,"availableCpu":"1","vpcConnector":null,"vpcConnectorEgressSettings":null},"labels":{"deployment-tool":"cli-firebase","firebase-functions-hash":"8baa50da8df9218c74c76077909a49bb15306eef"}}
[debug] [2025-12-26T13:17:28.895Z] <<< [apiv2][status] PATCH https://cloudfunctions.googleapis.com/v2/projects/factura-b478b/locations/us-central1/functions/getFirmaByCUI 200
[debug] [2025-12-26T13:17:28.896Z] <<< [apiv2][body] PATCH https://cloudfunctions.googleapis.com/v2/projects/factura-b478b/locations/us-central1/functions/getFirmaByCUI {"name":"projects/factura-b478b/locations/us-central1/operations/operation-1766755048235-646dab70e21b4-f624dfc3-52b04409","metadata":{"@type":"type.googleapis.com/google.cloud.functions.v2.OperationMetadata","createTime":"2025-12-26T13:17:28.924150038Z","target":"projects/factura-b478b/locations/us-central1/functions/getFirmaByCUI","verb":"update","cancelRequested":false,"apiVersion":"v2"},"done":false}
[debug] [2025-12-26T13:17:28.896Z] Checked if tokens are valid: true, expires at: 1766758631131
[debug] [2025-12-26T13:17:28.896Z] Checked if tokens are valid: true, expires at: 1766758631131
[debug] [2025-12-26T13:17:28.896Z] >>> [apiv2][query] GET https://cloudfunctions.googleapis.com/v2/projects/factura-b478b/locations/us-central1/operations/operation-1766755048235-646dab70e21b4-f624dfc3-52b04409 [none]
[debug] [2025-12-26T13:17:29.646Z] <<< [apiv2][status] GET https://cloudfunctions.googleapis.com/v2/projects/factura-b478b/locations/us-central1/operations/operation-1766755048235-646dab70e21b4-f624dfc3-52b04409 200
[debug] [2025-12-26T13:17:29.647Z] <<< [apiv2][body] GET https://cloudfunctions.googleapis.com/v2/projects/factura-b478b/locations/us-central1/operations/operation-1766755048235-646dab70e21b4-f624dfc3-52b04409 {"name":"projects/factura-b478b/locations/us-central1/operations/operation-1766755048235-646dab70e21b4-f624dfc3-52b04409","metadata":{"@type":"type.googleapis.com/google.cloud.functions.v2.OperationMetadata","createTime":"2025-12-26T13:17:28.924150038Z","target":"projects/factura-b478b/locations/us-central1/functions/getFirmaByCUI","verb":"update","cancelRequested":false,"apiVersion":"v2","requestResource":{"@type":"type.googleapis.com/google.cloud.functions.v2.Function","name":"projects/factura-b478b/locations/us-central1/functions/getFirmaByCUI","buildConfig":{"runtime":"nodejs20","entryPoint":"getFirmaByCUI","source":{"storageSource":{"bucket":"gcf-v2-sources-48919465520-us-central1","object":"getFirmaByCUI/function-source.zip","generation":"1766755048876766"}},"environmentVariables":{"GOOGLE_NODE_RUN_SCRIPTS":""},"dockerRepository":"projects/factura-b478b/locations/us-central1/repositories/gcf-artifacts","sourceProvenance":{"resolvedStorageSource":{"bucket":"gcf-v2-sources-48919465520-us-central1","object":"getFirmaByCUI/function-source.zip","generation":"1766753490511921"}},"dockerRegistry":"ARTIFACT_REGISTRY","serviceAccount":"projects/factura-b478b/serviceAccounts/48919465520-compute@developer.gserviceaccount.com","automaticUpdatePolicy":{}},"serviceConfig":{"service":"projects/factura-b478b/locations/us-central1/services/getfirmabycui","timeoutSeconds":60,"environmentVariables":{"FIREBASE_CONFIG":"{\"projectId\":\"factura-b478b\",\"storageBucket\":\"factura-b478b.firebasestorage.app\"}","GCLOUD_PROJECT":"factura-b478b","EVENTARC_CLOUD_EVENT_SOURCE":"projects/factura-b478b/locations/us-central1/services/getFirmaByCUI","FUNCTION_TARGET":"getFirmaByCUI","LOG_EXECUTION_ID":"true"},"ingressSettings":"ALLOW_ALL","uri":"https://getfirmabycui-ijtjzr7xcq-uc.a.run.app","serviceAccountEmail":"48919465520-compute@developer.gserviceaccount.com","availableMemory":"256Mi","allTrafficOnLatestRevision":true,"revision":"getfirmabycui-00002-lah","maxInstanceRequestConcurrency":80,"availableCpu":"1"},"state":"ACTIVE","labels":{"deployment-tool":"cloudfunctions","firebase-functions-hash":"8baa50da8df9218c74c76077909a49bb15306eef"},"environment":"GEN_2","url":"https://us-central1-factura-b478b.cloudfunctions.net/getFirmaByCUI","satisfiesPzi":true},"stages":[{"name":"BUILD","message":"Creating build","state":"IN_PROGRESS","resource":"projects/48919465520/locations/us-central1/builds/fdec1140-960c-4b10-9050-f7824d2d80ba","resourceUri":"https://console.cloud.google.com/cloud-build/builds;region=us-central1/fdec1140-960c-4b10-9050-f7824d2d80ba?project=48919465520"},{"name":"SERVICE","state":"NOT_STARTED"}],"operationType":"UPDATE_FUNCTION","buildName":"projects/48919465520/locations/us-central1/builds/fdec1140-960c-4b10-9050-f7824d2d80ba"},"done":false}
[debug] [2025-12-26T13:17:30.149Z] [update-default-us-central1-getFirmaByCUI] Retrying task index 0
[debug] [2025-12-26T13:17:30.150Z] Checked if tokens are valid: true, expires at: 1766758631131
[debug] [2025-12-26T13:17:30.150Z] Checked if tokens are valid: true, expires at: 1766758631131
[debug] [2025-12-26T13:17:30.150Z] >>> [apiv2][query] GET https://cloudfunctions.googleapis.com/v2/projects/factura-b478b/locations/us-central1/operations/operation-1766755048235-646dab70e21b4-f624dfc3-52b04409 [none]
[debug] [2025-12-26T13:17:30.885Z] <<< [apiv2][status] GET https://cloudfunctions.googleapis.com/v2/projects/factura-b478b/locations/us-central1/operations/operation-1766755048235-646dab70e21b4-f624dfc3-52b04409 200
[debug] [2025-12-26T13:17:30.885Z] <<< [apiv2][body] GET https://cloudfunctions.googleapis.com/v2/projects/factura-b478b/locations/us-central1/operations/operation-1766755048235-646dab70e21b4-f624dfc3-52b04409 {"name":"projects/factura-b478b/locations/us-central1/operations/operation-1766755048235-646dab70e21b4-f624dfc3-52b04409","metadata":{"@type":"type.googleapis.com/google.cloud.functions.v2.OperationMetadata","createTime":"2025-12-26T13:17:28.924150038Z","target":"projects/factura-b478b/locations/us-central1/functions/getFirmaByCUI","verb":"update","cancelRequested":false,"apiVersion":"v2","requestResource":{"@type":"type.googleapis.com/google.cloud.functions.v2.Function","name":"projects/factura-b478b/locations/us-central1/functions/getFirmaByCUI","buildConfig":{"runtime":"nodejs20","entryPoint":"getFirmaByCUI","source":{"storageSource":{"bucket":"gcf-v2-sources-48919465520-us-central1","object":"getFirmaByCUI/function-source.zip","generation":"1766755048876766"}},"environmentVariables":{"GOOGLE_NODE_RUN_SCRIPTS":""},"dockerRepository":"projects/factura-b478b/locations/us-central1/repositories/gcf-artifacts","sourceProvenance":{"resolvedStorageSource":{"bucket":"gcf-v2-sources-48919465520-us-central1","object":"getFirmaByCUI/function-source.zip","generation":"1766753490511921"}},"dockerRegistry":"ARTIFACT_REGISTRY","serviceAccount":"projects/factura-b478b/serviceAccounts/48919465520-compute@developer.gserviceaccount.com","automaticUpdatePolicy":{}},"serviceConfig":{"service":"projects/factura-b478b/locations/us-central1/services/getfirmabycui","timeoutSeconds":60,"environmentVariables":{"FIREBASE_CONFIG":"{\"projectId\":\"factura-b478b\",\"storageBucket\":\"factura-b478b.firebasestorage.app\"}","GCLOUD_PROJECT":"factura-b478b","EVENTARC_CLOUD_EVENT_SOURCE":"projects/factura-b478b/locations/us-central1/services/getFirmaByCUI","FUNCTION_TARGET":"getFirmaByCUI","LOG_EXECUTION_ID":"true"},"ingressSettings":"ALLOW_ALL","uri":"https://getfirmabycui-ijtjzr7xcq-uc.a.run.app","serviceAccountEmail":"48919465520-compute@developer.gserviceaccount.com","availableMemory":"256Mi","allTrafficOnLatestRevision":true,"revision":"getfirmabycui-00002-lah","maxInstanceRequestConcurrency":80,"availableCpu":"1"},"state":"ACTIVE","labels":{"deployment-tool":"cloudfunctions","firebase-functions-hash":"8baa50da8df9218c74c76077909a49bb15306eef"},"environment":"GEN_2","url":"https://us-central1-factura-b478b.cloudfunctions.net/getFirmaByCUI","satisfiesPzi":true},"stages":[{"name":"BUILD","message":"Build in progress","state":"IN_PROGRESS","resource":"projects/48919465520/locations/us-central1/builds/fdec1140-960c-4b10-9050-f7824d2d80ba","resourceUri":"https://console.cloud.google.com/cloud-build/builds;region=us-central1/fdec1140-960c-4b10-9050-f7824d2d80ba?project=48919465520"},{"name":"SERVICE","state":"NOT_STARTED"}],"operationType":"UPDATE_FUNCTION","buildName":"projects/48919465520/locations/us-central1/builds/fdec1140-960c-4b10-9050-f7824d2d80ba"},"done":false}
[debug] [2025-12-26T13:17:31.894Z] [update-default-us-central1-getFirmaByCUI] Retrying task index 0
[debug] [2025-12-26T13:17:31.894Z] Checked if tokens are valid: true, expires at: 1766758631131
[debug] [2025-12-26T13:17:31.895Z] Checked if tokens are valid: true, expires at: 1766758631131
[debug] [2025-12-26T13:17:31.895Z] >>> [apiv2][query] GET https://cloudfunctions.googleapis.com/v2/projects/factura-b478b/locations/us-central1/operations/operation-1766755048235-646dab70e21b4-f624dfc3-52b04409 [none]
[debug] [2025-12-26T13:17:32.605Z] <<< [apiv2][status] GET https://cloudfunctions.googleapis.com/v2/projects/factura-b478b/locations/us-central1/operations/operation-1766755048235-646dab70e21b4-f624dfc3-52b04409 200
[debug] [2025-12-26T13:17:32.605Z] <<< [apiv2][body] GET https://cloudfunctions.googleapis.com/v2/projects/factura-b478b/locations/us-central1/operations/operation-1766755048235-646dab70e21b4-f624dfc3-52b04409 {"name":"projects/factura-b478b/locations/us-central1/operations/operation-1766755048235-646dab70e21b4-f624dfc3-52b04409","metadata":{"@type":"type.googleapis.com/google.cloud.functions.v2.OperationMetadata","createTime":"2025-12-26T13:17:28.924150038Z","target":"projects/factura-b478b/locations/us-central1/functions/getFirmaByCUI","verb":"update","cancelRequested":false,"apiVersion":"v2","requestResource":{"@type":"type.googleapis.com/google.cloud.functions.v2.Function","name":"projects/factura-b478b/locations/us-central1/functions/getFirmaByCUI","buildConfig":{"runtime":"nodejs20","entryPoint":"getFirmaByCUI","source":{"storageSource":{"bucket":"gcf-v2-sources-48919465520-us-central1","object":"getFirmaByCUI/function-source.zip","generation":"1766755048876766"}},"environmentVariables":{"GOOGLE_NODE_RUN_SCRIPTS":""},"dockerRepository":"projects/factura-b478b/locations/us-central1/repositories/gcf-artifacts","sourceProvenance":{"resolvedStorageSource":{"bucket":"gcf-v2-sources-48919465520-us-central1","object":"getFirmaByCUI/function-source.zip","generation":"1766753490511921"}},"dockerRegistry":"ARTIFACT_REGISTRY","serviceAccount":"projects/factura-b478b/serviceAccounts/48919465520-compute@developer.gserviceaccount.com","automaticUpdatePolicy":{}},"serviceConfig":{"service":"projects/factura-b478b/locations/us-central1/services/getfirmabycui","timeoutSeconds":60,"environmentVariables":{"FIREBASE_CONFIG":"{\"projectId\":\"factura-b478b\",\"storageBucket\":\"factura-b478b.firebasestorage.app\"}","GCLOUD_PROJECT":"factura-b478b","EVENTARC_CLOUD_EVENT_SOURCE":"projects/factura-b478b/locations/us-central1/services/getFirmaByCUI","FUNCTION_TARGET":"getFirmaByCUI","LOG_EXECUTION_ID":"true"},"ingressSettings":"ALLOW_ALL","uri":"https://getfirmabycui-ijtjzr7xcq-uc.a.run.app","serviceAccountEmail":"48919465520-compute@developer.gserviceaccount.com","availableMemory":"256Mi","allTrafficOnLatestRevision":true,"revision":"getfirmabycui-00002-lah","maxInstanceRequestConcurrency":80,"availableCpu":"1"},"state":"ACTIVE","labels":{"deployment-tool":"cloudfunctions","firebase-functions-hash":"8baa50da8df9218c74c76077909a49bb15306eef"},"environment":"GEN_2","url":"https://us-central1-factura-b478b.cloudfunctions.net/getFirmaByCUI","satisfiesPzi":true},"stages":[{"name":"BUILD","message":"Build in progress","state":"IN_PROGRESS","resource":"projects/48919465520/locations/us-central1/builds/fdec1140-960c-4b10-9050-f7824d2d80ba","resourceUri":"https://console.cloud.google.com/cloud-build/builds;region=us-central1/fdec1140-960c-4b10-9050-f7824d2d80ba?project=48919465520"},{"name":"SERVICE","state":"NOT_STARTED"}],"operationType":"UPDATE_FUNCTION","buildName":"projects/48919465520/locations/us-central1/builds/fdec1140-960c-4b10-9050-f7824d2d80ba"},"done":false}
[debug] [2025-12-26T13:17:34.609Z] [update-default-us-central1-getFirmaByCUI] Retrying task index 0
[debug] [2025-12-26T13:17:34.610Z] Checked if tokens are valid: true, expires at: 1766758631131
[debug] [2025-12-26T13:17:34.610Z] Checked if tokens are valid: true, expires at: 1766758631131
[debug] [2025-12-26T13:17:34.610Z] >>> [apiv2][query] GET https://cloudfunctions.googleapis.com/v2/projects/factura-b478b/locations/us-central1/operations/operation-1766755048235-646dab70e21b4-f624dfc3-52b04409 [none]
[debug] [2025-12-26T13:17:35.340Z] <<< [apiv2][status] GET https://cloudfunctions.googleapis.com/v2/projects/factura-b478b/locations/us-central1/operations/operation-1766755048235-646dab70e21b4-f624dfc3-52b04409 200
[debug] [2025-12-26T13:17:35.340Z] <<< [apiv2][body] GET https://cloudfunctions.googleapis.com/v2/projects/factura-b478b/locations/us-central1/operations/operation-1766755048235-646dab70e21b4-f624dfc3-52b04409 {"name":"projects/factura-b478b/locations/us-central1/operations/operation-1766755048235-646dab70e21b4-f624dfc3-52b04409","metadata":{"@type":"type.googleapis.com/google.cloud.functions.v2.OperationMetadata","createTime":"2025-12-26T13:17:28.924150038Z","target":"projects/factura-b478b/locations/us-central1/functions/getFirmaByCUI","verb":"update","cancelRequested":false,"apiVersion":"v2","requestResource":{"@type":"type.googleapis.com/google.cloud.functions.v2.Function","name":"projects/factura-b478b/locations/us-central1/functions/getFirmaByCUI","buildConfig":{"runtime":"nodejs20","entryPoint":"getFirmaByCUI","source":{"storageSource":{"bucket":"gcf-v2-sources-48919465520-us-central1","object":"getFirmaByCUI/function-source.zip","generation":"1766755048876766"}},"environmentVariables":{"GOOGLE_NODE_RUN_SCRIPTS":""},"dockerRepository":"projects/factura-b478b/locations/us-central1/repositories/gcf-artifacts","sourceProvenance":{"resolvedStorageSource":{"bucket":"gcf-v2-sources-48919465520-us-central1","object":"getFirmaByCUI/function-source.zip","generation":"1766753490511921"}},"dockerRegistry":"ARTIFACT_REGISTRY","serviceAccount":"projects/factura-b478b/serviceAccounts/48919465520-compute@developer.gserviceaccount.com","automaticUpdatePolicy":{}},"serviceConfig":{"service":"projects/factura-b478b/locations/us-central1/services/getfirmabycui","timeoutSeconds":60,"environmentVariables":{"FIREBASE_CONFIG":"{\"projectId\":\"factura-b478b\",\"storageBucket\":\"factura-b478b.firebasestorage.app\"}","GCLOUD_PROJECT":"factura-b478b","EVENTARC_CLOUD_EVENT_SOURCE":"projects/factura-b478b/locations/us-central1/services/getFirmaByCUI","FUNCTION_TARGET":"getFirmaByCUI","LOG_EXECUTION_ID":"true"},"ingressSettings":"ALLOW_ALL","uri":"https://getfirmabycui-ijtjzr7xcq-uc.a.run.app","serviceAccountEmail":"48919465520-compute@developer.gserviceaccount.com","availableMemory":"256Mi","allTrafficOnLatestRevision":true,"revision":"getfirmabycui-00002-lah","maxInstanceRequestConcurrency":80,"availableCpu":"1"},"state":"ACTIVE","labels":{"deployment-tool":"cloudfunctions","firebase-functions-hash":"8baa50da8df9218c74c76077909a49bb15306eef"},"environment":"GEN_2","url":"https://us-central1-factura-b478b.cloudfunctions.net/getFirmaByCUI","satisfiesPzi":true},"stages":[{"name":"BUILD","message":"Build in progress","state":"IN_PROGRESS","resource":"projects/48919465520/locations/us-central1/builds/fdec1140-960c-4b10-9050-f7824d2d80ba","resourceUri":"https://console.cloud.google.com/cloud-build/builds;region=us-central1/fdec1140-960c-4b10-9050-f7824d2d80ba?project=48919465520"},{"name":"SERVICE","state":"NOT_STARTED"}],"operationType":"UPDATE_FUNCTION","buildName":"projects/48919465520/locations/us-central1/builds/fdec1140-960c-4b10-9050-f7824d2d80ba"},"done":false}
[debug] [2025-12-26T13:17:39.348Z] [update-default-us-central1-getFirmaByCUI] Retrying task index 0
[debug] [2025-12-26T13:17:39.349Z] Checked if tokens are valid: true, expires at: 1766758631131
[debug] [2025-12-26T13:17:39.349Z] Checked if tokens are valid: true, expires at: 1766758631131
[debug] [2025-12-26T13:17:39.349Z] >>> [apiv2][query] GET https://cloudfunctions.googleapis.com/v2/projects/factura-b478b/locations/us-central1/operations/operation-1766755048235-646dab70e21b4-f624dfc3-52b04409 [none]
[debug] [2025-12-26T13:17:39.666Z] <<< [apiv2][status] GET https://cloudfunctions.googleapis.com/v2/projects/factura-b478b/locations/us-central1/operations/operation-1766755048235-646dab70e21b4-f624dfc3-52b04409 200
[debug] [2025-12-26T13:17:39.667Z] <<< [apiv2][body] GET https://cloudfunctions.googleapis.com/v2/projects/factura-b478b/locations/us-central1/operations/operation-1766755048235-646dab70e21b4-f624dfc3-52b04409 {"name":"projects/factura-b478b/locations/us-central1/operations/operation-1766755048235-646dab70e21b4-f624dfc3-52b04409","metadata":{"@type":"type.googleapis.com/google.cloud.functions.v2.OperationMetadata","createTime":"2025-12-26T13:17:28.924150038Z","target":"projects/factura-b478b/locations/us-central1/functions/getFirmaByCUI","verb":"update","cancelRequested":false,"apiVersion":"v2","requestResource":{"@type":"type.googleapis.com/google.cloud.functions.v2.Function","name":"projects/factura-b478b/locations/us-central1/functions/getFirmaByCUI","buildConfig":{"runtime":"nodejs20","entryPoint":"getFirmaByCUI","source":{"storageSource":{"bucket":"gcf-v2-sources-48919465520-us-central1","object":"getFirmaByCUI/function-source.zip","generation":"1766755048876766"}},"environmentVariables":{"GOOGLE_NODE_RUN_SCRIPTS":""},"dockerRepository":"projects/factura-b478b/locations/us-central1/repositories/gcf-artifacts","sourceProvenance":{"resolvedStorageSource":{"bucket":"gcf-v2-sources-48919465520-us-central1","object":"getFirmaByCUI/function-source.zip","generation":"1766753490511921"}},"dockerRegistry":"ARTIFACT_REGISTRY","serviceAccount":"projects/factura-b478b/serviceAccounts/48919465520-compute@developer.gserviceaccount.com","automaticUpdatePolicy":{}},"serviceConfig":{"service":"projects/factura-b478b/locations/us-central1/services/getfirmabycui","timeoutSeconds":60,"environmentVariables":{"FIREBASE_CONFIG":"{\"projectId\":\"factura-b478b\",\"storageBucket\":\"factura-b478b.firebasestorage.app\"}","GCLOUD_PROJECT":"factura-b478b","EVENTARC_CLOUD_EVENT_SOURCE":"projects/factura-b478b/locations/us-central1/services/getFirmaByCUI","FUNCTION_TARGET":"getFirmaByCUI","LOG_EXECUTION_ID":"true"},"ingressSettings":"ALLOW_ALL","uri":"https://getfirmabycui-ijtjzr7xcq-uc.a.run.app","serviceAccountEmail":"48919465520-compute@developer.gserviceaccount.com","availableMemory":"256Mi","allTrafficOnLatestRevision":true,"revision":"getfirmabycui-00002-lah","maxInstanceRequestConcurrency":80,"availableCpu":"1"},"state":"ACTIVE","labels":{"deployment-tool":"cloudfunctions","firebase-functions-hash":"8baa50da8df9218c74c76077909a49bb15306eef"},"environment":"GEN_2","url":"https://us-central1-factura-b478b.cloudfunctions.net/getFirmaByCUI","satisfiesPzi":true},"stages":[{"name":"BUILD","message":"Build in progress","state":"IN_PROGRESS","resource":"projects/48919465520/locations/us-central1/builds/fdec1140-960c-4b10-9050-f7824d2d80ba","resourceUri":"https://console.cloud.google.com/cloud-build/builds;region=us-central1/fdec1140-960c-4b10-9050-f7824d2d80ba?project=48919465520"},{"name":"SERVICE","state":"NOT_STARTED"}],"operationType":"UPDATE_FUNCTION","buildName":"projects/48919465520/locations/us-central1/builds/fdec1140-960c-4b10-9050-f7824d2d80ba"},"done":false}
[debug] [2025-12-26T13:17:47.681Z] [update-default-us-central1-getFirmaByCUI] Retrying task index 0
[debug] [2025-12-26T13:17:47.681Z] Checked if tokens are valid: true, expires at: 1766758631131
[debug] [2025-12-26T13:17:47.681Z] Checked if tokens are valid: true, expires at: 1766758631131
[debug] [2025-12-26T13:17:47.681Z] >>> [apiv2][query] GET https://cloudfunctions.googleapis.com/v2/projects/factura-b478b/locations/us-central1/operations/operation-1766755048235-646dab70e21b4-f624dfc3-52b04409 [none]
[debug] [2025-12-26T13:17:48.518Z] <<< [apiv2][status] GET https://cloudfunctions.googleapis.com/v2/projects/factura-b478b/locations/us-central1/operations/operation-1766755048235-646dab70e21b4-f624dfc3-52b04409 200
[debug] [2025-12-26T13:17:48.519Z] <<< [apiv2][body] GET https://cloudfunctions.googleapis.com/v2/projects/factura-b478b/locations/us-central1/operations/operation-1766755048235-646dab70e21b4-f624dfc3-52b04409 {"name":"projects/factura-b478b/locations/us-central1/operations/operation-1766755048235-646dab70e21b4-f624dfc3-52b04409","metadata":{"@type":"type.googleapis.com/google.cloud.functions.v2.OperationMetadata","createTime":"2025-12-26T13:17:28.924150038Z","target":"projects/factura-b478b/locations/us-central1/functions/getFirmaByCUI","verb":"update","cancelRequested":false,"apiVersion":"v2","requestResource":{"@type":"type.googleapis.com/google.cloud.functions.v2.Function","name":"projects/factura-b478b/locations/us-central1/functions/getFirmaByCUI","buildConfig":{"runtime":"nodejs20","entryPoint":"getFirmaByCUI","source":{"storageSource":{"bucket":"gcf-v2-sources-48919465520-us-central1","object":"getFirmaByCUI/function-source.zip","generation":"1766755048876766"}},"environmentVariables":{"GOOGLE_NODE_RUN_SCRIPTS":""},"dockerRepository":"projects/factura-b478b/locations/us-central1/repositories/gcf-artifacts","sourceProvenance":{"resolvedStorageSource":{"bucket":"gcf-v2-sources-48919465520-us-central1","object":"getFirmaByCUI/function-source.zip","generation":"1766753490511921"}},"dockerRegistry":"ARTIFACT_REGISTRY","serviceAccount":"projects/factura-b478b/serviceAccounts/48919465520-compute@developer.gserviceaccount.com","automaticUpdatePolicy":{}},"serviceConfig":{"service":"projects/factura-b478b/locations/us-central1/services/getfirmabycui","timeoutSeconds":60,"environmentVariables":{"FIREBASE_CONFIG":"{\"projectId\":\"factura-b478b\",\"storageBucket\":\"factura-b478b.firebasestorage.app\"}","GCLOUD_PROJECT":"factura-b478b","EVENTARC_CLOUD_EVENT_SOURCE":"projects/factura-b478b/locations/us-central1/services/getFirmaByCUI","FUNCTION_TARGET":"getFirmaByCUI","LOG_EXECUTION_ID":"true"},"ingressSettings":"ALLOW_ALL","uri":"https://getfirmabycui-ijtjzr7xcq-uc.a.run.app","serviceAccountEmail":"48919465520-compute@developer.gserviceaccount.com","availableMemory":"256Mi","allTrafficOnLatestRevision":true,"revision":"getfirmabycui-00002-lah","maxInstanceRequestConcurrency":80,"availableCpu":"1"},"state":"ACTIVE","labels":{"deployment-tool":"cloudfunctions","firebase-functions-hash":"8baa50da8df9218c74c76077909a49bb15306eef"},"environment":"GEN_2","url":"https://us-central1-factura-b478b.cloudfunctions.net/getFirmaByCUI","satisfiesPzi":true},"stages":[{"name":"BUILD","message":"Build in progress","state":"IN_PROGRESS","resource":"projects/48919465520/locations/us-central1/builds/fdec1140-960c-4b10-9050-f7824d2d80ba","resourceUri":"https://console.cloud.google.com/cloud-build/builds;region=us-central1/fdec1140-960c-4b10-9050-f7824d2d80ba?project=48919465520"},{"name":"SERVICE","state":"NOT_STARTED"}],"operationType":"UPDATE_FUNCTION","buildName":"projects/48919465520/locations/us-central1/builds/fdec1140-960c-4b10-9050-f7824d2d80ba"},"done":false}
[debug] [2025-12-26T13:17:58.526Z] [update-default-us-central1-getFirmaByCUI] Retrying task index 0
[debug] [2025-12-26T13:17:58.526Z] Checked if tokens are valid: true, expires at: 1766758631131
[debug] [2025-12-26T13:17:58.527Z] Checked if tokens are valid: true, expires at: 1766758631131
[debug] [2025-12-26T13:17:58.527Z] >>> [apiv2][query] GET https://cloudfunctions.googleapis.com/v2/projects/factura-b478b/locations/us-central1/operations/operation-1766755048235-646dab70e21b4-f624dfc3-52b04409 [none]
[debug] [2025-12-26T13:17:59.313Z] <<< [apiv2][status] GET https://cloudfunctions.googleapis.com/v2/projects/factura-b478b/locations/us-central1/operations/operation-1766755048235-646dab70e21b4-f624dfc3-52b04409 200
[debug] [2025-12-26T13:17:59.313Z] <<< [apiv2][body] GET https://cloudfunctions.googleapis.com/v2/projects/factura-b478b/locations/us-central1/operations/operation-1766755048235-646dab70e21b4-f624dfc3-52b04409 {"name":"projects/factura-b478b/locations/us-central1/operations/operation-1766755048235-646dab70e21b4-f624dfc3-52b04409","metadata":{"@type":"type.googleapis.com/google.cloud.functions.v2.OperationMetadata","createTime":"2025-12-26T13:17:28.924150038Z","target":"projects/factura-b478b/locations/us-central1/functions/getFirmaByCUI","verb":"update","cancelRequested":false,"apiVersion":"v2","requestResource":{"@type":"type.googleapis.com/google.cloud.functions.v2.Function","name":"projects/factura-b478b/locations/us-central1/functions/getFirmaByCUI","buildConfig":{"runtime":"nodejs20","entryPoint":"getFirmaByCUI","source":{"storageSource":{"bucket":"gcf-v2-sources-48919465520-us-central1","object":"getFirmaByCUI/function-source.zip","generation":"1766755048876766"}},"environmentVariables":{"GOOGLE_NODE_RUN_SCRIPTS":""},"dockerRepository":"projects/factura-b478b/locations/us-central1/repositories/gcf-artifacts","sourceProvenance":{"resolvedStorageSource":{"bucket":"gcf-v2-sources-48919465520-us-central1","object":"getFirmaByCUI/function-source.zip","generation":"1766753490511921"}},"dockerRegistry":"ARTIFACT_REGISTRY","serviceAccount":"projects/factura-b478b/serviceAccounts/48919465520-compute@developer.gserviceaccount.com","automaticUpdatePolicy":{}},"serviceConfig":{"service":"projects/factura-b478b/locations/us-central1/services/getfirmabycui","timeoutSeconds":60,"environmentVariables":{"FIREBASE_CONFIG":"{\"projectId\":\"factura-b478b\",\"storageBucket\":\"factura-b478b.firebasestorage.app\"}","GCLOUD_PROJECT":"factura-b478b","EVENTARC_CLOUD_EVENT_SOURCE":"projects/factura-b478b/locations/us-central1/services/getFirmaByCUI","FUNCTION_TARGET":"getFirmaByCUI","LOG_EXECUTION_ID":"true"},"ingressSettings":"ALLOW_ALL","uri":"https://getfirmabycui-ijtjzr7xcq-uc.a.run.app","serviceAccountEmail":"48919465520-compute@developer.gserviceaccount.com","availableMemory":"256Mi","allTrafficOnLatestRevision":true,"revision":"getfirmabycui-00002-lah","maxInstanceRequestConcurrency":80,"availableCpu":"1"},"state":"ACTIVE","labels":{"deployment-tool":"cloudfunctions","firebase-functions-hash":"8baa50da8df9218c74c76077909a49bb15306eef"},"environment":"GEN_2","url":"https://us-central1-factura-b478b.cloudfunctions.net/getFirmaByCUI","satisfiesPzi":true},"stages":[{"name":"BUILD","message":"Build in progress","state":"IN_PROGRESS","resource":"projects/48919465520/locations/us-central1/builds/fdec1140-960c-4b10-9050-f7824d2d80ba","resourceUri":"https://console.cloud.google.com/cloud-build/builds;region=us-central1/fdec1140-960c-4b10-9050-f7824d2d80ba?project=48919465520"},{"name":"SERVICE","state":"NOT_STARTED"}],"operationType":"UPDATE_FUNCTION","buildName":"projects/48919465520/locations/us-central1/builds/fdec1140-960c-4b10-9050-f7824d2d80ba"},"done":false}
[debug] [2025-12-26T13:18:09.315Z] [update-default-us-central1-getFirmaByCUI] Retrying task index 0
[debug] [2025-12-26T13:18:09.315Z] Checked if tokens are valid: true, expires at: 1766758631131
[debug] [2025-12-26T13:18:09.316Z] Checked if tokens are valid: true, expires at: 1766758631131
[debug] [2025-12-26T13:18:09.316Z] >>> [apiv2][query] GET https://cloudfunctions.googleapis.com/v2/projects/factura-b478b/locations/us-central1/operations/operation-1766755048235-646dab70e21b4-f624dfc3-52b04409 [none]
[debug] [2025-12-26T13:18:10.114Z] <<< [apiv2][status] GET https://cloudfunctions.googleapis.com/v2/projects/factura-b478b/locations/us-central1/operations/operation-1766755048235-646dab70e21b4-f624dfc3-52b04409 200
[debug] [2025-12-26T13:18:10.114Z] <<< [apiv2][body] GET https://cloudfunctions.googleapis.com/v2/projects/factura-b478b/locations/us-central1/operations/operation-1766755048235-646dab70e21b4-f624dfc3-52b04409 {"name":"projects/factura-b478b/locations/us-central1/operations/operation-1766755048235-646dab70e21b4-f624dfc3-52b04409","metadata":{"@type":"type.googleapis.com/google.cloud.functions.v2.OperationMetadata","createTime":"2025-12-26T13:17:28.924150038Z","target":"projects/factura-b478b/locations/us-central1/functions/getFirmaByCUI","verb":"update","cancelRequested":false,"apiVersion":"v2","requestResource":{"@type":"type.googleapis.com/google.cloud.functions.v2.Function","name":"projects/factura-b478b/locations/us-central1/functions/getFirmaByCUI","buildConfig":{"runtime":"nodejs20","entryPoint":"getFirmaByCUI","source":{"storageSource":{"bucket":"gcf-v2-sources-48919465520-us-central1","object":"getFirmaByCUI/function-source.zip","generation":"1766755048876766"}},"environmentVariables":{"GOOGLE_NODE_RUN_SCRIPTS":""},"dockerRepository":"projects/factura-b478b/locations/us-central1/repositories/gcf-artifacts","sourceProvenance":{"resolvedStorageSource":{"bucket":"gcf-v2-sources-48919465520-us-central1","object":"getFirmaByCUI/function-source.zip","generation":"1766753490511921"}},"dockerRegistry":"ARTIFACT_REGISTRY","serviceAccount":"projects/factura-b478b/serviceAccounts/48919465520-compute@developer.gserviceaccount.com","automaticUpdatePolicy":{}},"serviceConfig":{"service":"projects/factura-b478b/locations/us-central1/services/getfirmabycui","timeoutSeconds":60,"environmentVariables":{"FIREBASE_CONFIG":"{\"projectId\":\"factura-b478b\",\"storageBucket\":\"factura-b478b.firebasestorage.app\"}","GCLOUD_PROJECT":"factura-b478b","EVENTARC_CLOUD_EVENT_SOURCE":"projects/factura-b478b/locations/us-central1/services/getFirmaByCUI","FUNCTION_TARGET":"getFirmaByCUI","LOG_EXECUTION_ID":"true"},"ingressSettings":"ALLOW_ALL","uri":"https://getfirmabycui-ijtjzr7xcq-uc.a.run.app","serviceAccountEmail":"48919465520-compute@developer.gserviceaccount.com","availableMemory":"256Mi","allTrafficOnLatestRevision":true,"revision":"getfirmabycui-00002-lah","maxInstanceRequestConcurrency":80,"availableCpu":"1"},"state":"ACTIVE","labels":{"deployment-tool":"cloudfunctions","firebase-functions-hash":"8baa50da8df9218c74c76077909a49bb15306eef"},"environment":"GEN_2","url":"https://us-central1-factura-b478b.cloudfunctions.net/getFirmaByCUI","satisfiesPzi":true},"stages":[{"name":"BUILD","message":"Build in progress","state":"IN_PROGRESS","resource":"projects/48919465520/locations/us-central1/builds/fdec1140-960c-4b10-9050-f7824d2d80ba","resourceUri":"https://console.cloud.google.com/cloud-build/builds;region=us-central1/fdec1140-960c-4b10-9050-f7824d2d80ba?project=48919465520"},{"name":"SERVICE","state":"NOT_STARTED"}],"operationType":"UPDATE_FUNCTION","buildName":"projects/48919465520/locations/us-central1/builds/fdec1140-960c-4b10-9050-f7824d2d80ba"},"done":false}
[debug] [2025-12-26T13:18:20.119Z] [update-default-us-central1-getFirmaByCUI] Retrying task index 0
[debug] [2025-12-26T13:18:20.120Z] Checked if tokens are valid: true, expires at: 1766758631131
[debug] [2025-12-26T13:18:20.120Z] Checked if tokens are valid: true, expires at: 1766758631131
[debug] [2025-12-26T13:18:20.120Z] >>> [apiv2][query] GET https://cloudfunctions.googleapis.com/v2/projects/factura-b478b/locations/us-central1/operations/operation-1766755048235-646dab70e21b4-f624dfc3-52b04409 [none]
[debug] [2025-12-26T13:18:20.392Z] <<< [apiv2][status] GET https://cloudfunctions.googleapis.com/v2/projects/factura-b478b/locations/us-central1/operations/operation-1766755048235-646dab70e21b4-f624dfc3-52b04409 200
[debug] [2025-12-26T13:18:20.392Z] <<< [apiv2][body] GET https://cloudfunctions.googleapis.com/v2/projects/factura-b478b/locations/us-central1/operations/operation-1766755048235-646dab70e21b4-f624dfc3-52b04409 {"name":"projects/factura-b478b/locations/us-central1/operations/operation-1766755048235-646dab70e21b4-f624dfc3-52b04409","metadata":{"@type":"type.googleapis.com/google.cloud.functions.v2.OperationMetadata","createTime":"2025-12-26T13:17:28.924150038Z","endTime":"2025-12-26T13:18:15.974131275Z","target":"projects/factura-b478b/locations/us-central1/functions/getFirmaByCUI","verb":"update","cancelRequested":false,"apiVersion":"v2","requestResource":{"@type":"type.googleapis.com/google.cloud.functions.v2.Function","name":"projects/factura-b478b/locations/us-central1/functions/getFirmaByCUI","buildConfig":{"runtime":"nodejs20","entryPoint":"getFirmaByCUI","source":{"storageSource":{"bucket":"gcf-v2-sources-48919465520-us-central1","object":"getFirmaByCUI/function-source.zip","generation":"1766755048876766"}},"environmentVariables":{"GOOGLE_NODE_RUN_SCRIPTS":""},"dockerRepository":"projects/factura-b478b/locations/us-central1/repositories/gcf-artifacts","sourceProvenance":{"resolvedStorageSource":{"bucket":"gcf-v2-sources-48919465520-us-central1","object":"getFirmaByCUI/function-source.zip","generation":"1766753490511921"}},"dockerRegistry":"ARTIFACT_REGISTRY","serviceAccount":"projects/factura-b478b/serviceAccounts/48919465520-compute@developer.gserviceaccount.com","automaticUpdatePolicy":{}},"serviceConfig":{"service":"projects/factura-b478b/locations/us-central1/services/getfirmabycui","timeoutSeconds":60,"environmentVariables":{"FIREBASE_CONFIG":"{\"projectId\":\"factura-b478b\",\"storageBucket\":\"factura-b478b.firebasestorage.app\"}","GCLOUD_PROJECT":"factura-b478b","EVENTARC_CLOUD_EVENT_SOURCE":"projects/factura-b478b/locations/us-central1/services/getFirmaByCUI","FUNCTION_TARGET":"getFirmaByCUI","LOG_EXECUTION_ID":"true"},"ingressSettings":"ALLOW_ALL","uri":"https://getfirmabycui-ijtjzr7xcq-uc.a.run.app","serviceAccountEmail":"48919465520-compute@developer.gserviceaccount.com","availableMemory":"256Mi","allTrafficOnLatestRevision":true,"revision":"getfirmabycui-00002-lah","maxInstanceRequestConcurrency":80,"availableCpu":"1"},"state":"ACTIVE","labels":{"deployment-tool":"cloudfunctions","firebase-functions-hash":"8baa50da8df9218c74c76077909a49bb15306eef"},"environment":"GEN_2","url":"https://us-central1-factura-b478b.cloudfunctions.net/getFirmaByCUI","satisfiesPzi":true},"stages":[{"name":"SERVICE","state":"NOT_STARTED"}],"operationType":"UPDATE_FUNCTION"},"done":true,"error":{"code":3,"message":"Build failed with status: FAILURE and message: npm error code EUSAGE\nnpm error\nnpm error `npm ci` can only install packages when your package.json and package-lock.json or npm-shrinkwrap.json are in sync. Please update your lock file with `npm install` before continuing.\nnpm error\nnpm error Missing: acorn@8.15.0 from lock file\nnpm error Missing: @types/markdown-it@14.1.2 from lock file\nnpm error Missing: markdown-it@14.1.0 from lock file\nnpm error\nnpm error Clean install a project\nnpm error\nnpm error Usage:\nnpm error npm ci\nnpm error\nnpm error Options:\nnpm error [--install-strategy <hoisted|nested|shallow|linked>] [--legacy-bundling]\nnpm error [--global-style] [--omit <dev|optional|peer> [--omit <dev|optional|peer> ...]]\nnpm error [--include <prod|dev|optional|peer> [--include <prod|dev|optional|peer> ...]]\nnpm error [--strict-peer-deps] [--foreground-scripts] [--ignore-scripts] [--no-audit]\nnpm error [--no-bin-links] [--no-fund] [--dry-run]\nnpm error [-w|--workspace <workspace-name> [-w|--workspace <workspace-name> ...]]\nnpm error [-ws|--workspaces] [--include-workspace-root] [--install-links]\nnpm error\nnpm error aliases: clean-install, ic, install-clean, isntall-clean\nnpm error\nnpm error Run \"npm help ci\" for more info\nnpm error A complete log of this run can be found in: /www-data-home/.npm/_logs/2025-12-26T13_17_54_745Z-debug-0.log. For more details see the logs at https://console.cloud.google.com/cloud-build/builds;region=us-central1/fdec1140-960c-4b10-9050-f7824d2d80ba?project=48919465520."}}
[debug] [2025-12-26T13:18:20.392Z] Got source token undefined for region us-central1
[error] Build failed with status: FAILURE and message: npm error code EUSAGE
npm error
npm error `npm ci` can only install packages when your package.json and package-lock.json or npm-shrinkwrap.json are in sync. Please update your lock file with `npm install` before continuing.
npm error
npm error Missing: acorn@8.15.0 from lock file
npm error Missing: @types/markdown-it@14.1.2 from lock file
npm error Missing: markdown-it@14.1.0 from lock file
npm error
npm error Clean install a project
npm error
npm error Usage:
npm error npm ci
npm error
npm error Options:
npm error [--install-strategy <hoisted|nested|shallow|linked>] [--legacy-bundling]
npm error [--global-style] [--omit <dev|optional|peer> [--omit <dev|optional|peer> ...]]
npm error [--include <prod|dev|optional|peer> [--include <prod|dev|optional|peer> ...]]
npm error [--strict-peer-deps] [--foreground-scripts] [--ignore-scripts] [--no-audit]
npm error [--no-bin-links] [--no-fund] [--dry-run]
npm error [-w|--workspace <workspace-name> [-w|--workspace <workspace-name> ...]]
npm error [-ws|--workspaces] [--include-workspace-root] [--install-links]
npm error
npm error aliases: clean-install, ic, install-clean, isntall-clean
npm error
npm error Run "npm help ci" for more info
npm error A complete log of this run can be found in: /www-data-home/.npm/_logs/2025-12-26T13_17_54_745Z-debug-0.log. For more details see the logs at https://console.cloud.google.com/cloud-build/builds;region=us-central1/fdec1140-960c-4b10-9050-f7824d2d80ba?project=48919465520.
[debug] [2025-12-26T13:18:20.399Z] Total Function Deployment time: 52943
[debug] [2025-12-26T13:18:20.399Z] 1 Functions Deployed
[debug] [2025-12-26T13:18:20.399Z] 1 Functions Errored
[debug] [2025-12-26T13:18:20.399Z] 0 Function Deployments Aborted
[debug] [2025-12-26T13:18:20.399Z] Average Function Deployment time: 52942
[info] 
[info] Functions deploy had errors with the following functions:
	getFirmaByCUI(us-central1)
[debug] [2025-12-26T13:18:20.547Z] Not printing URL for HTTPS function. Typically this means it didn't match a filter or we failed deployment
[debug] [2025-12-26T13:18:20.548Z] Checked if tokens are valid: true, expires at: 1766758631131
[debug] [2025-12-26T13:18:20.548Z] Checked if tokens are valid: true, expires at: 1766758631131
[debug] [2025-12-26T13:18:20.548Z] >>> [apiv2][query] GET https://artifactregistry.googleapis.com/v1/projects/factura-b478b/locations/us-central1/repositories/gcf-artifacts [none]
[debug] [2025-12-26T13:18:21.406Z] <<< [apiv2][status] GET https://artifactregistry.googleapis.com/v1/projects/factura-b478b/locations/us-central1/repositories/gcf-artifacts 200
[debug] [2025-12-26T13:18:21.406Z] <<< [apiv2][body] GET https://artifactregistry.googleapis.com/v1/projects/factura-b478b/locations/us-central1/repositories/gcf-artifacts {"name":"projects/factura-b478b/locations/us-central1/repositories/gcf-artifacts","format":"DOCKER","description":"This repository is created and used by Cloud Functions for storing function docker images.","labels":{"goog-managed-by":"cloudfunctions"},"createTime":"2025-12-26T12:27:21.084228Z","updateTime":"2025-12-26T12:52:08.000519Z","mode":"STANDARD_REPOSITORY","cleanupPolicies":{"firebase-functions-cleanup":{"id":"firebase-functions-cleanup","action":"DELETE","condition":{"tagState":"ANY","olderThan":"86400s"}}},"sizeBytes":"297122512","vulnerabilityScanningConfig":{"lastEnableTime":"2025-12-26T12:27:12.902531620Z","enablementState":"SCANNING_DISABLED","enablementStateReason":"API containerscanning.googleapis.com is not enabled."},"satisfiesPzi":true,"registryUri":"us-central1-docker.pkg.dev/factura-b478b/gcf-artifacts"}
[debug] [2025-12-26T13:18:21.407Z] Functions deploy failed.
[debug] [2025-12-26T13:18:21.407Z] {
  "endpoint": {
    "id": "getFirmaByCUI",
    "project": "factura-b478b",
    "region": "us-central1",
    "entryPoint": "getFirmaByCUI",
    "platform": "gcfv2",
    "runtime": "nodejs20",
    "httpsTrigger": {},
    "labels": {
      "deployment-tool": "cli-firebase"
    },
    "serviceAccount": null,
    "ingressSettings": null,
    "availableMemoryMb": null,
    "timeoutSeconds": null,
    "maxInstances": null,
    "minInstances": null,
    "concurrency": 80,
    "vpc": null,
    "environmentVariables": {
      "FIREBASE_CONFIG": "{\"projectId\":\"factura-b478b\",\"storageBucket\":\"factura-b478b.firebasestorage.app\"}",
      "GCLOUD_PROJECT": "factura-b478b",
      "EVENTARC_CLOUD_EVENT_SOURCE": "projects/factura-b478b/locations/us-central1/services/getFirmaByCUI",
      "FUNCTION_TARGET": "getFirmaByCUI",
      "LOG_EXECUTION_ID": "true"
    },
    "codebase": "default",
    "runServiceId": "getfirmabycui",
    "cpu": 1,
    "securityLevel": "SECURE_ALWAYS",
    "targetedByOnly": false,
    "hash": "8baa50da8df9218c74c76077909a49bb15306eef"
  },
  "op": "update",
  "original": {
    "name": "FirebaseError",
    "children": [],
    "exit": 1,
    "message": "Build failed with status: FAILURE and message: npm error code EUSAGE\nnpm error\nnpm error `npm ci` can only install packages when your package.json and package-lock.json or npm-shrinkwrap.json are in sync. Please update your lock file with `npm install` before continuing.\nnpm error\nnpm error Missing: acorn@8.15.0 from lock file\nnpm error Missing: @types/markdown-it@14.1.2 from lock file\nnpm error Missing: markdown-it@14.1.0 from lock file\nnpm error\nnpm error Clean install a project\nnpm error\nnpm error Usage:\nnpm error npm ci\nnpm error\nnpm error Options:\nnpm error [--install-strategy <hoisted|nested|shallow|linked>] [--legacy-bundling]\nnpm error [--global-style] [--omit <dev|optional|peer> [--omit <dev|optional|peer> ...]]\nnpm error [--include <prod|dev|optional|peer> [--include <prod|dev|optional|peer> ...]]\nnpm error [--strict-peer-deps] [--foreground-scripts] [--ignore-scripts] [--no-audit]\nnpm error [--no-bin-links] [--no-fund] [--dry-run]\nnpm error [-w|--workspace <workspace-name> [-w|--workspace <workspace-name> ...]]\nnpm error [-ws|--workspaces] [--include-workspace-root] [--install-links]\nnpm error\nnpm error aliases: clean-install, ic, install-clean, isntall-clean\nnpm error\nnpm error Run \"npm help ci\" for more info\nnpm error A complete log of this run can be found in: /www-data-home/.npm/_logs/2025-12-26T13_17_54_745Z-debug-0.log. For more details see the logs at https://console.cloud.google.com/cloud-build/builds;region=us-central1/fdec1140-960c-4b10-9050-f7824d2d80ba?project=48919465520.",
    "original": {
      "code": 3,
      "message": "Build failed with status: FAILURE and message: npm error code EUSAGE\nnpm error\nnpm error `npm ci` can only install packages when your package.json and package-lock.json or npm-shrinkwrap.json are in sync. Please update your lock file with `npm install` before continuing.\nnpm error\nnpm error Missing: acorn@8.15.0 from lock file\nnpm error Missing: @types/markdown-it@14.1.2 from lock file\nnpm error Missing: markdown-it@14.1.0 from lock file\nnpm error\nnpm error Clean install a project\nnpm error\nnpm error Usage:\nnpm error npm ci\nnpm error\nnpm error Options:\nnpm error [--install-strategy <hoisted|nested|shallow|linked>] [--legacy-bundling]\nnpm error [--global-style] [--omit <dev|optional|peer> [--omit <dev|optional|peer> ...]]\nnpm error [--include <prod|dev|optional|peer> [--include <prod|dev|optional|peer> ...]]\nnpm error [--strict-peer-deps] [--foreground-scripts] [--ignore-scripts] [--no-audit]\nnpm error [--no-bin-links] [--no-fund] [--dry-run]\nnpm error [-w|--workspace <workspace-name> [-w|--workspace <workspace-name> ...]]\nnpm error [-ws|--workspaces] [--include-workspace-root] [--install-links]\nnpm error\nnpm error aliases: clean-install, ic, install-clean, isntall-clean\nnpm error\nnpm error Run \"npm help ci\" for more info\nnpm error A complete log of this run can be found in: /www-data-home/.npm/_logs/2025-12-26T13_17_54_745Z-debug-0.log. For more details see the logs at https://console.cloud.google.com/cloud-build/builds;region=us-central1/fdec1140-960c-4b10-9050-f7824d2d80ba?project=48919465520."
    },
    "status": 3,
    "code": 3
  }
}
[debug] [2025-12-26T13:18:21.460Z] Error: Failed to update function getFirmaByCUI in region us-central1
    at C:\Users\STRUMFI TECH\AppData\Roaming\npm\node_modules\firebase-tools\lib\deploy\functions\release\fabricator.js:411:19
    at process.processTicksAndRejections (node:internal/process/task_queues:103:5)
    at async Fabricator.updateV2Function (C:\Users\STRUMFI TECH\AppData\Roaming\npm\node_modules\firebase-tools\lib\deploy\functions\release\fabricator.js:400:32)
    at async Fabricator.updateEndpoint (C:\Users\STRUMFI TECH\AppData\Roaming\npm\node_modules\firebase-tools\lib\deploy\functions\release\fabricator.js:160:13)
    at async handle (C:\Users\STRUMFI TECH\AppData\Roaming\npm\node_modules\firebase-tools\lib\deploy\functions\release\fabricator.js:89:17)
[error] 
[error] Error: There was an error deploying functions
